{
  "bomFormat": "CycloneDX",
  "specVersion": "1.5",
  "version": 1,
  "metadata": {
    "timestamp": "2024-01-01T00:00:00Z",
    "tools": [
      {
        "name": "bazbom",
        "version": "0.0.1-dev"
      }
    ]
  },
  "components": []
}
